(TV 6.((#4*#6)+void)) , #5
#0 , #5->#7
#7 , #2->#8
(TV 9.((#4*#9)+void)) , #8
#1 , (TV 6.((#4*#6)+void))
#3 , (TV 9.((#4*#9)+void))
#1 , (TV 11.((#10*#11)+void))
#3 , #2
#12 , int
#12 , int
#12 , int
#12 , int
#2->#3 , (TV 13.((#12*#13)+void))->#14
