parse/expr4.in

Parse Successful!

[Abstract Syntax]

EIf (ENot ETrue) (EUnion (EInt 1) (EAppend (EChar 'a') (EConcat (EString "la ma") (EList [EChar ' ',EChar 'k',EChar 'o',EChar 't',EChar 'a'])))) (EUnion (EInt 2) EVoid)

[Linearized tree]

if ! true then 1 @ 'a' : "la ma" ++ [' ', 'k', 'o', 't', 'a'] else 2 @ ()
