program/hello1.prog
Stream: main has uninitialized values
