Type mismatch: [(char+unit)] and [int] in expression:
0
