program/hello4.prog
Stream: buffer has uninitialized values
