program/list2.prog
No main stream. Nothing to do...
