program/union1.prog
No main stream. Nothing to do...
