expr/expr5c.in

Type mismatch: bool and int in expression:
if a + b == 0 then true else a + b
