expr/expr8.in
Type mismatch: [#0] and [(#0)->(#2)]
