expr/expr5.in
Type mismatch: [bool] and [int] in expression:
if a + b == 0 then true else a + b
[EIf (ERel (EAdd (EIdent (Ident {getIdent = "a"})) (EIdent (Ident {getIdent = "b"}))) (RelOp "==") (EInt 0)) ETrue (EAdd (EIdent (Ident {getIdent = "a"})) (EIdent (Ident {getIdent = "b"})))]
