expr/list1.in
Not concrete type: ((int*((int*((int*((int*(#5+void))+#6))+#7))+#8))+#9)
