expr/list2.in
1@((), 1@((), 1@((), 1@((), 1@((), 2@(), ), ), ), ), )
