expr/match2.in

Parse              Failed...

syntax error at line 1, column 36 due to lexer error
