expr/match1.in

Parse              Failed...

syntax error at line 1, column 5 before `='
