expr/union3.in
Type mismatch: [int] and [char] in expression:
(\ x -> if x == (1 @ 5) then 1 @ true else if x == (2 @ 'a') then 2 @ 1 else 1 @ false) (1 @ 'a')
