expr/union6.in
Type mismatch: [(char+#2)] and [int] in expression:
if a + b == 0 then 1 @ 'a' else a + b
