expr/union2.in
Type mismatch: [bool] and [int] in expression:
if x == (1 @ 5) then 1 @ true else if x == (2 @ 'a') then 2 @ 1 else 1 @ 1
